\set VERBOSITY 'terse'
create extension pgq;
create extension pgq_coop;
